---
source: crates/fsh-lint-core/src/cst/formatter_insta_tests.rs
expression: formatted
---
Profile: MyPatient
Parent: Patient
Id: my-patient
Title: "My Patient Profile"

*  1..* MS
*  1..1 MS
*  1..1
