---
source: crates/fsh-lint-core/src/cst/formatter_insta_tests.rs
expression: formatted
---
Profile: Test
Parent: Patient

*  from GenderValueSet (required)
*  from AllLanguages (extensible)
