---
source: crates/fsh-lint-core/src/cst/formatter_insta_tests.rs
expression: formatted
---
Profile: Test
Parent: Patient

*  = "1.0.0"
*  = "active"
*  1..1
