---
source: crates/fsh-lint-rules/tests/gritql_full_integration_test.rs
expression: result.unwrap()
---
Variable: name
