---
source: crates/fsh-lint-rules/tests/gritql_full_integration_test.rs
expression: "format!(\"{:?}\", pattern)"
---
"Where(NodeKind(\"profile\"), FieldExists(\"description\"))"
